// Jest Snapshot v1, https://goo.gl/fbAQLP

exports[`should render LoginPage component correctly 1`] = `
<div
  className="box-layout"
>
  <div
    className="box-layout__box"
  >
    <h1
      className="box-layout__title"
    >
      Boilerlate
    </h1>
    <p>
      Tag line for app.
    </p>
    <button
      className="btn-layout"
      onClick={[Function]}
    >
      Login with Google
    </button>
  </div>
</div>
`;
